// Jest Snapshot v1, https://goo.gl/fbAQLP

exports[`Add Item Page Matches snapshot 1`] = `
"<WithStyles(ForwardRef(Container)) fixed={true}>
  <WithStyles(ForwardRef(Grid)) justify=\\"center\\" container={true} spacing={6}>
    <WithStyles(ForwardRef(Grid)) item={true}>
      <AddForm />
    </WithStyles(ForwardRef(Grid))>
  </WithStyles(ForwardRef(Grid))>
</WithStyles(ForwardRef(Container))>"
`;
